[debug] [2026-02-27T14:54:08.635Z] ----------------------------------------------------------------------
[debug] [2026-02-27T14:54:08.637Z] Command:       /home/lucivaldo/.nvm/versions/node/v22.15.0/bin/node /home/lucivaldo/Documentos/GitHub/projetos/comunidade-tech/node_modules/.bin/firebase deploy --only hosting
[debug] [2026-02-27T14:54:08.637Z] CLI Version:   15.8.0
[debug] [2026-02-27T14:54:08.637Z] Platform:      linux
[debug] [2026-02-27T14:54:08.637Z] Node Version:  v22.15.0
[debug] [2026-02-27T14:54:08.638Z] Time:          Fri Feb 27 2026 11:54:08 GMT-0300 (Horário Padrão de Brasília)
[debug] [2026-02-27T14:54:08.638Z] ----------------------------------------------------------------------
[debug] 
[debug] [2026-02-27T14:54:09.224Z] > command requires scopes: ["email","openid","https://www.googleapis.com/auth/cloudplatformprojects.readonly","https://www.googleapis.com/auth/firebase","https://www.googleapis.com/auth/cloud-platform"]
[debug] [2026-02-27T14:54:09.225Z] > authorizing via signed-in user (lucivaldojr25@gmail.com)
[debug] [2026-02-27T14:54:09.225Z] [iam] checking project comunidade-tech-6b4d3 for permissions ["firebase.projects.get","firebasehosting.sites.update"]
[debug] [2026-02-27T14:54:09.226Z] Checked if tokens are valid: true, expires at: 1772205639254
[debug] [2026-02-27T14:54:09.226Z] Checked if tokens are valid: true, expires at: 1772205639254
[debug] [2026-02-27T14:54:09.226Z] >>> [apiv2][query] POST https://cloudresourcemanager.googleapis.com/v1/projects/comunidade-tech-6b4d3:testIamPermissions [none]
[debug] [2026-02-27T14:54:09.226Z] >>> [apiv2][(partial)header] POST https://cloudresourcemanager.googleapis.com/v1/projects/comunidade-tech-6b4d3:testIamPermissions  x-goog-user-project=comunidade-tech-6b4d3
[debug] [2026-02-27T14:54:09.226Z] >>> [apiv2][body] POST https://cloudresourcemanager.googleapis.com/v1/projects/comunidade-tech-6b4d3:testIamPermissions {"permissions":["firebase.projects.get","firebasehosting.sites.update"]}
[debug] [2026-02-27T14:54:10.389Z] <<< [apiv2][status] POST https://cloudresourcemanager.googleapis.com/v1/projects/comunidade-tech-6b4d3:testIamPermissions 200
[debug] [2026-02-27T14:54:10.390Z] <<< [apiv2][body] POST https://cloudresourcemanager.googleapis.com/v1/projects/comunidade-tech-6b4d3:testIamPermissions {"permissions":["firebase.projects.get","firebasehosting.sites.update"]}
[debug] [2026-02-27T14:54:10.390Z] Checked if tokens are valid: true, expires at: 1772205639254
[debug] [2026-02-27T14:54:10.390Z] Checked if tokens are valid: true, expires at: 1772205639254
[debug] [2026-02-27T14:54:10.390Z] >>> [apiv2][query] GET https://firebase.googleapis.com/v1beta1/projects/comunidade-tech-6b4d3 [none]
[debug] [2026-02-27T14:54:11.028Z] <<< [apiv2][status] GET https://firebase.googleapis.com/v1beta1/projects/comunidade-tech-6b4d3 200
[debug] [2026-02-27T14:54:11.028Z] <<< [apiv2][body] GET https://firebase.googleapis.com/v1beta1/projects/comunidade-tech-6b4d3 {"projectId":"comunidade-tech-6b4d3","projectNumber":"265353114514","displayName":"comunidade-tech","name":"projects/comunidade-tech-6b4d3","resources":{"hostingSite":"comunidade-tech-6b4d3"},"state":"ACTIVE","etag":"1_51e4580f-e35b-4937-aee8-0b311576f2b0"}
[info] 
[info] === Deploying to 'comunidade-tech-6b4d3'...
[info] 
[info] i  deploying hosting 
[debug] [2026-02-27T14:54:11.032Z] Checked if tokens are valid: true, expires at: 1772205639254
[debug] [2026-02-27T14:54:11.032Z] Checked if tokens are valid: true, expires at: 1772205639254
[debug] [2026-02-27T14:54:11.032Z] >>> [apiv2][query] POST https://firebasehosting.googleapis.com/v1beta1/projects/-/sites/comunidade-tech-6b4d3/versions [none]
[debug] [2026-02-27T14:54:11.032Z] >>> [apiv2][body] POST https://firebasehosting.googleapis.com/v1beta1/projects/-/sites/comunidade-tech-6b4d3/versions {"status":"CREATED","labels":{"deployment-tool":"cli-firebase"}}
